// Vitest Snapshot v1

exports[`/ > snapshot 1`] = `
<div>
  <h1
    class="text-3xl font-bold"
  >
    etude-next: 
    [DEFAULT]
  </h1>
  Loading ...
  <button
    class="outline"
  >
    Add Project
  </button>
  <button
    class="outline"
  >
    Sign Out
  </button>
</div>
`;
